[2026-04-29 16:30:01] === TBA update started ===
[2026-04-29 16:30:01] Matches in DB before import: 1089 total, 714 completed
[2026-04-29 16:30:01] Running import_matches.py...
  9 events: ['2026arc', '2026cmptx', '2026cur', '2026dal', '2026gal', '2026hop', '2026joh', '2026mil', '2026new']

  2026arc: 0 matches in DB — verifying TBA has data — fetching from TBA...
    Saved 0 matches to 2026arc_matches.json
    No matches yet — fetching registered team list for 2026arc...
    75 teams registered: frc10015, frc10021, frc10162, frc103, frc11019, frc1114, frc11297, frc11387, frc1189, frc1218, frc1241, frc1261, frc131, frc1501, frc1511, frc1619, frc1646, frc1648, frc167, frc1731, frc1868, frc1912, frc2075, frc2106, frc2137, frc2539, frc2583, frc27, frc2767, frc2826, frc2847, frc2851, frc2881, frc2960, frc3006, frc3045, frc3284, frc3476, frc3494, frc3572, frc3604, frc4096, frc4272, frc4403, frc4593, frc4646, frc4728, frc5010, frc5066, frc5338, frc5468, frc548, frc5665, frc5801, frc5829, frc587, frc5940, frc6459, frc6907, frc7166, frc7407, frc7525, frc7598, frc8608, frc8817, frc8884, frc9001, frc9032, frc9084, frc9126, frc9401, frc9427, frc9470, frc971, frc9771
  2026cmptx: 0 matches in DB — verifying TBA has data — fetching from TBA...
    Saved 0 matches to 2026cmptx_matches.json
    No matches yet — fetching registered team list for 2026cmptx...
    0 teams registered: 
  2026cur: 0 matches in DB — verifying TBA has data — fetching from TBA...
    Saved 0 matches to 2026cur_matches.json
    No matches yet — fetching registered team list for 2026cur...
    74 teams registered: frc1024, frc10254, frc10349, frc10922, frc11167, frc11304, frc11318, frc125, frc1477, frc1498, frc166, frc1684, frc1714, frc1987, frc2053, frc2357, frc2412, frc2443, frc254, frc2637, frc2682, frc2724, frc294, frc2992, frc302, frc3128, frc3181, frc3197, frc3792, frc3847, frc3932, frc4027, frc4256, frc4611, frc4786, frc5166, frc5193, frc5199, frc5460, frc5572, frc571, frc5712, frc589, frc59, frc5907, frc5987, frc6045, frc6366, frc6369, frc6413, frc6417, frc6497, frc6510, frc6615, frc6773, frc6800, frc7028, frc7421, frc7539, frc7565, frc7567, frc8280, frc8575, frc8595, frc8613, frc870, frc8725, frc9023, frc9066, frc9068, frc9077, frc9200, frc9609, frc987
  2026dal: 0 finals match(es) — fetching from TBA...
    Saved 125 matches to 2026dal_matches.json
Done 2026dal. Inserted 0 matches, skipped 125 duplicates -> matches.db
  2026gal: 0 matches in DB — verifying TBA has data — fetching from TBA...
    Saved 125 matches to 2026gal_matches.json
Done 2026gal. Inserted 125 matches, skipped 0 duplicates -> matches.db
  2026hop: 0 matches in DB — verifying TBA has data — fetching from TBA...
    Saved 0 matches to 2026hop_matches.json
    No matches yet — fetching registered team list for 2026hop...
    74 teams registered: frc10131, frc1014, frc10907, frc11024, frc11118, frc11270, frc11493, frc1259, frc1287, frc1296, frc1625, frc1701, frc1706, frc1710, frc1732, frc1787, frc188, frc1986, frc2056, frc2102, frc2199, frc2220, frc238, frc2383, frc2486, frc2607, frc2659, frc2834, frc3015, frc3035, frc3175, frc3297, frc3467, frc3506, frc3512, frc3539, frc3641, frc401, frc4143, frc4174, frc4191, frc4201, frc4613, frc4698, frc494, frc5000, frc503, frc5086, frc5348, frc540, frc5406, frc5454, frc573, frc581, frc6121, frc6152, frc6200, frc6328, frc6329, frc6517, frc6639, frc7287, frc7451, frc761, frc8005, frc8044, frc8214, frc8267, frc8513, frc8749, frc910, frc9449, frc9692, frc9785
  2026joh: 0 finals match(es) — fetching from TBA...
    Saved 125 matches to 2026joh_matches.json
Done 2026joh. Inserted 0 matches, skipped 125 duplicates -> matches.db
  2026mil: 0 matches in DB — verifying TBA has data — fetching from TBA...
    Saved 0 matches to 2026mil_matches.json
    No matches yet — fetching registered team list for 2026mil...
    75 teams registered: frc10101, frc10526, frc10604, frc10633, frc10950, frc11065, frc1640, frc1671, frc1678, frc1771, frc201, frc2122, frc2169, frc2200, frc2333, frc2403, frc2481, frc2601, frc263, frc2630, frc2811, frc2846, frc287, frc2905, frc2974, frc3075, frc3245, frc3277, frc3419, frc343, frc3492, frc353, frc359, frc3637, frc3707, frc3928, frc4089, frc4122, frc4270, frc4362, frc4421, frc4476, frc4481, frc4499, frc4795, frc4905, frc4907, frc4915, frc5462, frc5985, frc6002, frc6090, frc6238, frc68, frc686, frc6925, frc694, frc6989, frc70, frc7039, frc7250, frc7426, frc7457, frc7594, frc7717, frc7763, frc7890, frc8020, frc8158, frc8429, frc8808, frc8873, frc9140, frc9635, frc9644
  2026new: 0 finals match(es) — fetching from TBA...
    Saved 125 matches to 2026new_matches.json
Done 2026new. Inserted 0 matches, skipped 125 duplicates -> matches.db

Syncing team names...

Fetching district rankings...
  Stored 143 district rankings.

Fetching qualifier event matches...
  9 qualifier events found
  2026njfla: 81 matches already in DB — skipping
  2026njrob: 73 matches already in DB — skipping
  2026njski: 83 matches already in DB — skipping
  2026njtab: 79 matches already in DB — skipping
  2026njwas: 75 matches already in DB — skipping
  2026paben: 84 matches already in DB — skipping
  2026pahat: 81 matches already in DB — skipping
  2026paphi: 77 matches already in DB — skipping
  2026pawar: 81 matches already in DB — skipping

Fetching 2026cmptx team qualifier history...
  No teams registered for 2026cmptx
[2026-04-29 16:30:01] Matches in DB after import: 1214 total, 714 completed
[2026-04-29 16:30:01] Running create_view.py...
Loading data from matches.db...
  307 teams, 1002 matches  →  Worlds.html
  0 teams, 0 matches  →  team_history.html
  75 teams (upcoming)  →  2026arc.html
  75 teams (upcoming)  →  2026cur.html
  75 teams (upcoming)  →  2026dal.html
  75 teams (upcoming)  →  2026gal.html
  75 teams (upcoming)  →  2026hop.html
  75 teams (upcoming)  →  2026joh.html
  75 teams (upcoming)  →  2026mil.html
  75 teams (upcoming)  →  2026new.html
  district_points.html  →  143 teams
  index.html  →  11 pages listed
Done. Generated 10 file(s).
[2026-04-29 16:30:01] Staging changes...
